0 verbose cli /Users/alexsoh/.nvm/versions/node/v24.15.0/bin/node /Users/alexsoh/.nvm/versions/node/v24.15.0/bin/npm
1 info using npm@11.12.1
2 info using node@v24.15.0
3 silly config load:file:/Users/alexsoh/.nvm/versions/node/v24.15.0/lib/node_modules/npm/npmrc
4 silly config load:file:/Users/alexsoh/projects/taskplanner/frontend/.npmrc
5 silly config load:file:/Users/alexsoh/.npmrc
6 silly config load:file:/Users/alexsoh/.nvm/versions/node/v24.15.0/etc/npmrc
7 verbose title npm install
8 verbose argv "install" "--cache" "./.npm-cache"
9 verbose logfile logs-max:10 dir:/Users/alexsoh/projects/taskplanner/frontend/.npm-cache/_logs/2026-05-21T06_22_20_194Z-
10 verbose logfile /Users/alexsoh/projects/taskplanner/frontend/.npm-cache/_logs/2026-05-21T06_22_20_194Z-debug-0.log
11 warn Unknown env config "devdir". This will stop working in the next major version of npm. See `npm help npmrc` for supported config options.
12 silly logfile done cleaning log files
13 silly packumentCache heap:4496293888 maxSize:1124073472 maxEntrySize:562036736
14 verbose shrinkwrap failed to load node_modules/.package-lock.json out of date, updated: node_modules
15 silly idealTree buildDeps
16 silly fetch manifest @types/node@^22.15.0
17 silly packumentCache full:https://registry.npmjs.org/@types%2fnode cache-miss
18 http cache https://registry.npmjs.org/@types%2fnode 67ms (cache hit)
19 silly packumentCache full:https://registry.npmjs.org/@types%2fnode set size:11015753 disposed:false
20 silly placeDep ROOT @types/node@22.19.19 OK for: taskplanner-frontend@0.0.0 want: ^22.15.0
21 silly fetch manifest undici-types@~6.21.0
22 silly packumentCache full:https://registry.npmjs.org/undici-types cache-miss
23 http fetch GET 200 https://registry.npmjs.org/undici-types 287ms (cache miss)
24 silly packumentCache full:https://registry.npmjs.org/undici-types set size:undefined disposed:false
25 silly placeDep ROOT undici-types@6.21.0 OK for: @types/node@22.19.19 want: ~6.21.0
26 silly reify moves {}
27 silly audit bulk request {
27 silly audit   '@emnapi/core': [ '1.10.0' ],
27 silly audit   '@emnapi/runtime': [ '1.10.0' ],
27 silly audit   '@emnapi/wasi-threads': [ '1.2.1' ],
27 silly audit   '@jridgewell/gen-mapping': [ '0.3.13' ],
27 silly audit   '@jridgewell/remapping': [ '2.3.5' ],
27 silly audit   '@jridgewell/resolve-uri': [ '3.1.2' ],
27 silly audit   '@jridgewell/sourcemap-codec': [ '1.5.5' ],
27 silly audit   '@jridgewell/trace-mapping': [ '0.3.31' ],
27 silly audit   '@napi-rs/wasm-runtime': [ '1.1.4' ],
27 silly audit   '@oxc-project/types': [ '0.130.0' ],
27 silly audit   '@rolldown/binding-android-arm64': [ '1.0.1' ],
27 silly audit   '@rolldown/binding-darwin-arm64': [ '1.0.1' ],
27 silly audit   '@rolldown/binding-darwin-x64': [ '1.0.1' ],
27 silly audit   '@rolldown/binding-freebsd-x64': [ '1.0.1' ],
27 silly audit   '@rolldown/binding-linux-arm-gnueabihf': [ '1.0.1' ],
27 silly audit   '@rolldown/binding-linux-arm64-gnu': [ '1.0.1' ],
27 silly audit   '@rolldown/binding-linux-arm64-musl': [ '1.0.1' ],
27 silly audit   '@rolldown/binding-linux-ppc64-gnu': [ '1.0.1' ],
27 silly audit   '@rolldown/binding-linux-s390x-gnu': [ '1.0.1' ],
27 silly audit   '@rolldown/binding-linux-x64-gnu': [ '1.0.1' ],
27 silly audit   '@rolldown/binding-linux-x64-musl': [ '1.0.1' ],
27 silly audit   '@rolldown/binding-openharmony-arm64': [ '1.0.1' ],
27 silly audit   '@rolldown/binding-wasm32-wasi': [ '1.0.1' ],
27 silly audit   '@rolldown/binding-win32-arm64-msvc': [ '1.0.1' ],
27 silly audit   '@rolldown/binding-win32-x64-msvc': [ '1.0.1' ],
27 silly audit   '@rolldown/pluginutils': [ '1.0.1' ],
27 silly audit   '@standard-schema/spec': [ '1.1.0' ],
27 silly audit   '@tailwindcss/node': [ '4.3.0' ],
27 silly audit   '@tailwindcss/oxide': [ '4.3.0' ],
27 silly audit   '@tailwindcss/oxide-android-arm64': [ '4.3.0' ],
27 silly audit   '@tailwindcss/oxide-darwin-arm64': [ '4.3.0' ],
27 silly audit   '@tailwindcss/oxide-darwin-x64': [ '4.3.0' ],
27 silly audit   '@tailwindcss/oxide-freebsd-x64': [ '4.3.0' ],
27 silly audit   '@tailwindcss/oxide-linux-arm-gnueabihf': [ '4.3.0' ],
27 silly audit   '@tailwindcss/oxide-linux-arm64-gnu': [ '4.3.0' ],
27 silly audit   '@tailwindcss/oxide-linux-arm64-musl': [ '4.3.0' ],
27 silly audit   '@tailwindcss/oxide-linux-x64-gnu': [ '4.3.0' ],
27 silly audit   '@tailwindcss/oxide-linux-x64-musl': [ '4.3.0' ],
27 silly audit   '@tailwindcss/oxide-wasm32-wasi': [ '4.3.0' ],
27 silly audit   '@tailwindcss/oxide-win32-arm64-msvc': [ '4.3.0' ],
27 silly audit   '@tailwindcss/oxide-win32-x64-msvc': [ '4.3.0' ],
27 silly audit   '@tailwindcss/vite': [ '4.3.0' ],
27 silly audit   '@tybys/wasm-util': [ '0.10.2' ],
27 silly audit   '@types/chai': [ '5.2.3' ],
27 silly audit   '@types/deep-eql': [ '4.0.2' ],
27 silly audit   '@types/estree': [ '1.0.9' ],
27 silly audit   '@types/react': [ '19.2.15' ],
27 silly audit   '@types/react-dom': [ '19.2.3' ],
27 silly audit   '@vitejs/plugin-react': [ '6.0.2' ],
27 silly audit   '@vitest/expect': [ '4.1.7' ],
27 silly audit   '@vitest/mocker': [ '4.1.7' ],
27 silly audit   '@vitest/pretty-format': [ '4.1.7' ],
27 silly audit   '@vitest/runner': [ '4.1.7' ],
27 silly audit   '@vitest/snapshot': [ '4.1.7' ],
27 silly audit   '@vitest/spy': [ '4.1.7' ],
27 silly audit   '@vitest/utils': [ '4.1.7' ],
27 silly audit   'assertion-error': [ '2.0.1' ],
27 silly audit   chai: [ '6.2.2' ],
27 silly audit   'convert-source-map': [ '2.0.0' ],
27 silly audit   csstype: [ '3.2.3' ],
27 silly audit   'detect-libc': [ '2.1.2' ],
27 silly audit   'enhanced-resolve': [ '5.21.6' ],
27 silly audit   'es-module-lexer': [ '2.1.0' ],
27 silly audit   'estree-walker': [ '3.0.3' ],
27 silly audit   'expect-type': [ '1.3.0' ],
27 silly audit   fdir: [ '6.5.0' ],
27 silly audit   fsevents: [ '2.3.3' ],
27 silly audit   'graceful-fs': [ '4.2.11' ],
27 silly audit   jiti: [ '2.7.0' ],
27 silly audit   lightningcss: [ '1.32.0' ],
27 silly audit   'lightningcss-android-arm64': [ '1.32.0' ],
27 silly audit   'lightningcss-darwin-arm64': [ '1.32.0' ],
27 silly audit   'lightningcss-darwin-x64': [ '1.32.0' ],
27 silly audit   'lightningcss-freebsd-x64': [ '1.32.0' ],
27 silly audit   'lightningcss-linux-arm-gnueabihf': [ '1.32.0' ],
27 silly audit   'lightningcss-linux-arm64-gnu': [ '1.32.0' ],
27 silly audit   'lightningcss-linux-arm64-musl': [ '1.32.0' ],
27 silly audit   'lightningcss-linux-x64-gnu': [ '1.32.0' ],
27 silly audit   'lightningcss-linux-x64-musl': [ '1.32.0' ],
27 silly audit   'lightningcss-win32-arm64-msvc': [ '1.32.0' ],
27 silly audit   'lightningcss-win32-x64-msvc': [ '1.32.0' ],
27 silly audit   'magic-string': [ '0.30.21' ],
27 silly audit   nanoid: [ '3.3.12' ],
27 silly audit   obug: [ '2.1.1' ],
27 silly audit   pathe: [ '2.0.3' ],
27 silly audit   picocolors: [ '1.1.1' ],
27 silly audit   picomatch: [ '4.0.4' ],
27 silly audit   postcss: [ '8.5.15' ],
27 silly audit   react: [ '19.2.6' ],
27 silly audit   'react-dom': [ '19.2.6' ],
27 silly audit   rolldown: [ '1.0.1' ],
27 silly audit   scheduler: [ '0.27.0' ],
27 silly audit   siginfo: [ '2.0.0' ],
27 silly audit   'source-map-js': [ '1.2.1' ],
27 silly audit   stackback: [ '0.0.2' ],
27 silly audit   'std-env': [ '4.1.0' ],
27 silly audit   tailwindcss: [ '4.3.0' ],
27 silly audit   tapable: [ '2.3.3' ],
27 silly audit   tinybench: [ '2.9.0' ],
27 silly audit   tinyexec: [ '1.1.2' ],
27 silly audit   tinyglobby: [ '0.2.16' ],
27 silly audit   tinyrainbow: [ '3.1.0' ],
27 silly audit   tslib: [ '2.8.1' ],
27 silly audit   typescript: [ '5.9.3' ],
27 silly audit   vite: [ '8.0.13' ],
27 silly audit   vitest: [ '4.1.7' ],
27 silly audit   'why-is-node-running': [ '2.3.0' ],
27 silly audit   '@types/node': [ '22.19.19' ],
27 silly audit   'undici-types': [ '6.21.0' ]
27 silly audit }
28 http cache undici-types@https://registry.npmjs.org/undici-types/-/undici-types-6.21.0.tgz 0ms (cache hit)
29 http cache @types/node@https://registry.npmjs.org/@types/node/-/node-22.19.19.tgz 0ms (cache hit)
30 http cache fsevents@https://registry.npmjs.org/fsevents/-/fsevents-2.3.3.tgz 0ms (cache hit)
31 silly tarball no local data for undici-types@https://registry.npmjs.org/undici-types/-/undici-types-6.21.0.tgz. Extracting by manifest.
32 silly tarball no local data for @types/node@https://registry.npmjs.org/@types/node/-/node-22.19.19.tgz. Extracting by manifest.
33 http fetch POST 200 https://registry.npmjs.org/-/npm/v1/security/advisories/bulk 96ms
34 silly audit report {}
35 http fetch GET 200 https://registry.npmjs.org/undici-types/-/undici-types-6.21.0.tgz 185ms (cache miss)
36 http fetch GET 200 https://registry.npmjs.org/@types/node/-/node-22.19.19.tgz 232ms (cache miss)
37 silly ADD node_modules/undici-types
38 silly ADD node_modules/@types/node
39 silly ADD node_modules/fsevents
40 verbose cwd /Users/alexsoh/projects/taskplanner/frontend
41 verbose os Darwin 21.6.0
42 verbose node v24.15.0
43 verbose npm  v11.12.1
44 verbose exit 0
45 info ok
